C51 COMPILER V9.59.0.0   ADDA                                                              12/27/2018 20:52:41 PAGE 1   


C51 COMPILER V9.59.0.0, COMPILATION OF MODULE ADDA
OBJECT MODULE PLACED IN .\Objects\ADDA.obj
COMPILER INVOKED BY: E:\Keil5\C51\BIN\C51.EXE USERS\HardWare\ADDA.c LARGE OPTIMIZE(8,SPEED) BROWSE INCDIR(.\USERS\HardWa
                    -re;.\USERS) DEBUG OBJECTEXTEND PRINT(.\Listings\ADDA.lst) TABS(2) OBJECT(.\Objects\ADDA.obj)

line level    source

   1          /****************************ADDA.c***********************/
   2          #include "main.h"
   3          #include "ADDA.h"
   4          #include "HD7279.h"
   5          #include "82C54.h"
   6          
   7          unsigned char xdata DAC32 _at_ 0xFD00;
   8          unsigned char xdata ADC04 _at_ 0xFE00;
   9          unsigned char V1[32]={0x00,0x0f,0x1f,0x2f,0x3f,0x4f,0x5f,0x6f,0x7f,0x8f,0x9f,0xaf,0xbf,0xcf,0xdf,0xef,0xff
             -,0xef, \
  10                                    0xdf,0xcf,0xbf,0xaf,0x9f,0x8f,0x7f,0x6f,0x5f,0x4f,0x3f,0x2f,0x1f,0x0f};
  11          
  12          /**
  13            * @brief  用led显示当前ADC转换结果二进制码
  14            * @param  void
  15            * @retval void
  16            */
  17          void LedShow(void)
  18          {
  19   1        uint8_t adcValue  = gParam.adcValue;
  20   1        
  21   1        P374 =~adcValue;
  22   1      }
  23          /**
  24            * @brief  将ADC转换结果8位码转换显示出来
  25            * @param  void
  26            * @retval void
  27            */
  28          void AdcHD7279Show(void)
  29          {
  30   1        uint8_t adcValue  = ADC04;
  31   1        
  32   1        HD7279ShowInt(adcValue);
  33   1      }
  34          /**
  35            * @brief  显示ADC转换结果的电压为小数
  36            * @param  void
  37            * @retval void
  38            */
  39          void ShowVoltage(void)
  40          {
  41   1        float voltage = 5.f*(255.f-gParam.adcValue)/255.f;
  42   1        HD7279ShowFloat(voltage);
  43   1      }
  44          /**
  45            * @brief  ADC初始化
  46            * @param  void
  47            * @retval void
  48            */
  49          void AdcInit(void)
  50          {
  51   1        ADC04 = 0x00;
  52   1      }
  53          /**
C51 COMPILER V9.59.0.0   ADDA                                                              12/27/2018 20:52:41 PAGE 2   

  54            * @brief  得到ADC转换结果
  55            * @param  void
  56            * @retval void
  57            */  
  58          uint8_t GetAdcValue(void)
  59          {
  60   1        uint8_t adcValue=ADC04;
  61   1        return adcValue;
  62   1      
  63   1      }
  64          /**
  65            * @brief  DAC输出 50HZ的方波
  66            * @param  void
  67            * @retval void
  68            */
  69          void DacOUT(void)
  70          {
  71   1        static uint32_t xdata timeCnt=0;
  72   1        uint16_t xdata period = 80;
  73   1        static uint32_t out=0;
  74   1        timeCnt++;
  75   1        if(timeCnt<=period/2)
  76   1        {
  77   2           out+= (uint8_t)(255.f/(period/2));
  78   2        }else if(timeCnt>period/2&&timeCnt<=period)
  79   1        {
  80   2           out-= (uint8_t)(255.f/(period/2));
  81   2        }else if(timeCnt>period)
  82   1        {
  83   2           timeCnt=0;
  84   2        }
  85   1        DAC32=out&0xff;
  86   1      }


MODULE INFORMATION:   STATIC OVERLAYABLE
   CODE SIZE        =    294    ----
   CONSTANT SIZE    =   ----    ----
   XDATA SIZE       =     36       2
   PDATA SIZE       =   ----    ----
   DATA SIZE        =   ----    ----
   IDATA SIZE       =   ----    ----
   BIT SIZE         =   ----    ----
END OF MODULE INFORMATION.


C51 COMPILATION COMPLETE.  0 WARNING(S),  0 ERROR(S)
