C51 COMPILER V9.59.0.0   ADDA                                                              12/20/2018 00:16:43 PAGE 1   


C51 COMPILER V9.59.0.0, COMPILATION OF MODULE ADDA
OBJECT MODULE PLACED IN .\Objects\ADDA.obj
COMPILER INVOKED BY: E:\Keil5\C51\BIN\C51.EXE USERS\HardWare\ADDA.c LARGE OPTIMIZE(8,SPEED) BROWSE INCDIR(.\USERS\HardWa
                    -re;.\USERS) DEBUG OBJECTEXTEND PRINT(.\Listings\ADDA.lst) TABS(2) OBJECT(.\Objects\ADDA.obj)

line level    source

   1          /****************************ADDA.c***********************/
   2          #include "main.h"
   3          #include "ADDA.h"
   4          #include "HD7279.h"
   5          #include "82C54.h"
   6          
   7          unsigned char xdata DAC32 _at_ 0xFD00;
   8          unsigned char xdata ADC04 _at_ 0xFE00;
   9          unsigned char V1[32]={0x00,0x0f,0x1f,0x2f,0x3f,0x4f,0x5f,0x6f,0x7f,0x8f,0x9f,0xaf,0xbf,0xcf,0xdf,0xef,0xff
             -,0xef, \
  10                                    0xdf,0xcf,0xbf,0xaf,0x9f,0x8f,0x7f,0x6f,0x5f,0x4f,0x3f,0x2f,0x1f,0x0f};
  11          
  12          
  13          void LedShow(void)
  14          {
  15   1        uint8_t adcValue  = gParam.adcValue;
  16   1        
  17   1        P374 =~adcValue;
  18   1      }
  19          
  20          void AdcHD7279Show(void)
  21          {
  22   1        uint8_t adcValue  = ADC04;
  23   1        
  24   1        HD7279ShowInt(adcValue);
  25   1      }
  26          
  27          void ShowVoltage(void)
  28          {
  29   1        float voltage = 5.f*(255.f-gParam.adcValue)/255.f;
  30   1        HD7279ShowFloat(voltage);
  31   1      }
  32          
  33          void AdcInit(void)
  34          {
  35   1        ADC04 = 0x00;
  36   1      }
  37            
  38          uint8_t GetAdcValue(void)
  39          {
  40   1        uint8_t adcValue=ADC04;
  41   1        return adcValue;
  42   1      
  43   1      }
  44          
  45          void DacOUT(void)
  46          {
  47   1        static uint32_t xdata timeCnt=0;
  48   1        uint16_t xdata period = 80;
  49   1        static uint32_t out=0;
  50   1        timeCnt++;
  51   1        if(timeCnt<=period/2)
  52   1        {
  53   2           out+= (uint8_t)(255.f/(period/2));
C51 COMPILER V9.59.0.0   ADDA                                                              12/20/2018 00:16:43 PAGE 2   

  54   2        }else if(timeCnt>period/2&&timeCnt<=period)
  55   1        {
  56   2           out-= (uint8_t)(255.f/(period/2));
  57   2        }else if(timeCnt>period)
  58   1        {
  59   2           timeCnt=0;
  60   2        }
  61   1        DAC32=out&0xff;
  62   1      }


MODULE INFORMATION:   STATIC OVERLAYABLE
   CODE SIZE        =    294    ----
   CONSTANT SIZE    =   ----    ----
   XDATA SIZE       =     36       2
   PDATA SIZE       =   ----    ----
   DATA SIZE        =   ----    ----
   IDATA SIZE       =   ----    ----
   BIT SIZE         =   ----    ----
END OF MODULE INFORMATION.


C51 COMPILATION COMPLETE.  0 WARNING(S),  0 ERROR(S)
