C51 COMPILER V9.59.0.0   HD7279                                                            11/16/2018 19:38:46 PAGE 1   


C51 COMPILER V9.59.0.0, COMPILATION OF MODULE HD7279
OBJECT MODULE PLACED IN .\Objects\HD7279.obj
COMPILER INVOKED BY: E:\Keil5\C51\BIN\C51.EXE USERS\HardWare\HD7279.c LARGE OPTIMIZE(8,SPEED) BROWSE INCDIR(.\USERS\Hard
                    -Ware;.\USERS) DEBUG OBJECTEXTEND PRINT(.\Listings\HD7279.lst) TABS(2) OBJECT(.\Objects\HD7279.obj)

line level    source

   1          /****************************HD7279.c***********************/
   2          #include "HD7279.h"
   3          #include "delay.h"
   4          #include "stdio.h"
   5          
   6          //HD7279显示内容对应数码
   7          unsigned char xdata realCode[] = \
   8            {0x7e , 0x30 , 0x6d , 0x79 , 0x33 , 0x5b , 0x5f , 0x70 , 0x7f , 0x7b , 0x01 , 0x80 , 0x00 , 0x6f};
   9          //  0      1       2      3      4      5      6      7      8      9      -    .   blank error
  10          
  11          /**
  12            * @brief  HD7279发送一个字节
  13            * @note
  14            * @param  sendData：要发送的数据
  15            * @param
  16            * @retval none
  17            */
  18          void HD7279SendByte(unsigned char sendData)
  19          {
  20   1      #define SEND_DATA_LENGTH (8)
  21   1        unsigned char xdata sendCounter = 0;
  22   1        //片选端拉低
  23   1        cs=0;
  24   1        Delay10Us(12);
  25   1        //生成时钟信号并将八位数字依次发送
  26   1        for(sendCounter = 0 ; sendCounter < SEND_DATA_LENGTH ; sendCounter++)
  27   1        {
  28   2          if(sendData & 0x80)
  29   2          {
  30   3            dat = 1;
  31   3          }
  32   2          else
  33   2          {
  34   3            dat = 0;
  35   3          }
  36   2          //产生一个上升沿
  37   2          clk = 1;
  38   2          Delay10Us(2);
  39   2          //产生一个下降沿
  40   2          clk = 0;
  41   2          Delay10Us(2);
  42   2          sendData<<=1;
  43   2        }
  44   1        dat = 0;
  45   1      }
  46          
  47          /**
  48            * @brief  HD7279接收数据
  49            * @note
  50            * @param none
  51            *     @arg
  52            * @param none
  53            * @retval ：接受到的一个字节数据
  54            */
C51 COMPILER V9.59.0.0   HD7279                                                            11/16/2018 19:38:46 PAGE 2   

  55          unsigned char HD7279ReceiveByte(void)
  56          {
  57   1      #define RECEIVE_DATA_LENGTH (8)
  58   1        unsigned char xdata receiveCounter  = 0;
  59   1        unsigned char xdata receiveData = 0;
  60   1        //数据端拉高准备接收数据
  61   1        dat = 1;
  62   1        Delay10Us(12);
  63   1        //生成时钟信号并将八位数字一次接收
  64   1        for(receiveCounter = 0 ; receiveCounter < RECEIVE_DATA_LENGTH ; receiveCounter++)
  65   1        {
  66   2          //产生一个上升沿
  67   2          clk = 1;
  68   2          Delay10Us(2);
  69   2          receiveData*=2;
  70   2          if(dat)
  71   2          {
  72   3            receiveData|=0x01;
  73   3          }
  74   2          else
  75   2          {
  76   3          
  77   3          }
  78   2          clk = 0;
  79   2          Delay10Us(2);
  80   2        }
  81   1        dat = 0;
  82   1        return receiveData;
  83   1      }
  84          
  85          //通过HD7279让数码管显示对应内容
  86          /**
  87            * @brief  数码管显示函数
  88            * @note
  89            * @param cmd：命令字
  90            *     @arg
  91          * @param dataSend:数据字
  92            * @retval
  93            */
  94          void HD7279Write(unsigned char cmd , unsigned char dataSend)
  95          {
  96   1        HD7279SendByte(cmd);
  97   1        
  98   1        HD7279SendByte(dataSend); 
  99   1      }
 100          #define DIGITTAL_TUBE_LENGTH  8    
 101          void HD7279ShowInt(int showValue)
 102          {
 103   1        uint8_t xdata i=0;
 104   1        uint8_t xdata tubeString[DIGITTAL_TUBE_LENGTH];
 105   1        /*判断是否在显示范围内，将其转换为字符数串*/
 106   1        if(showValue>=0&&showValue<=99999999)
 107   1        {
 108   2          sprintf(tubeString,"%d",showValue);
 109   2        }
 110   1        else if(showValue<0 && showValue>=-9999999)
 111   1        {
 112   2          sprintf(tubeString,"-%d",showValue);
 113   2        }
 114   1        else
 115   1        {
 116   2          showValue = 0;
C51 COMPILER V9.59.0.0   HD7279                                                            11/16/2018 19:38:46 PAGE 3   

 117   2          for(i=0;i<DIGITTAL_TUBE_LENGTH;i++)
 118   2          {
 119   3            HD7279Write(UNDECODE+i,0x01);
 120   3          }
 121   2          return;
 122   2        }
 123   1        /**/
 124   1        for(i=0;i<DIGITTAL_TUBE_LENGTH;i++)
 125   1        {
 126   2          if(tubeString[i]=='-')
 127   2          {
 128   3            tubeString[i]=0x01;
 129   3          }
 130   2          else
 131   2          {
 132   3            /*ASCII码 0x30*/
 133   3            tubeString[i]=realCode[(tubeString[i]-0x30)];
 134   3          }
 135   2          HD7279Write(UNDECODE+i,realCode[i]);
 136   2        }
 137   1      
 138   1      }
 139            


MODULE INFORMATION:   STATIC OVERLAYABLE
   CODE SIZE        =    468    ----
   CONSTANT SIZE    =      7    ----
   XDATA SIZE       =     14      16
   PDATA SIZE       =   ----    ----
   DATA SIZE        =   ----    ----
   IDATA SIZE       =   ----    ----
   BIT SIZE         =   ----    ----
END OF MODULE INFORMATION.


C51 COMPILATION COMPLETE.  0 WARNING(S),  0 ERROR(S)
