C51 COMPILER V9.59.0.0   MAIN                                                              12/28/2018 19:13:59 PAGE 1   


C51 COMPILER V9.59.0.0, COMPILATION OF MODULE MAIN
OBJECT MODULE PLACED IN .\Objects\main.obj
COMPILER INVOKED BY: E:\Keil5\C51\BIN\C51.EXE USERS\main.c LARGE OPTIMIZE(8,SPEED) BROWSE INCDIR(.\USERS\HardWare;.\USER
                    -S) DEBUG OBJECTEXTEND PRINT(.\Listings\main.lst) TABS(2) OBJECT(.\Objects\main.obj)

line level    source

   1          
   2          /*******************************main.c***********************************/
   3          
   4          #include "STC15F2K60S2.h"
   5          #include "gpio.h"
   6          #include "motor.h"
   7          #include "timer.h"
   8          #include "interrupt.h"
   9          #include "usart.h"
  10          #include "delay.h"
  11          #include "main.h"
  12          #include "HD7279.h"
  13          #include "82c55.h"
  14          #include "82c54.h"
  15          #include "ADDA.h"
  16          gParam_t gParam={0};
  17          void HardWareInit(void)
  18          {
  19   1        /*设置串口中断高优先级*/
  20   1        //Interrupt_Priority(0x10);
  21   1        
  22   1        /*定义5ms运行周期*/
  23   1        #if RUN_PERIOD_BY_TIM == FIVE_MS_RUN_BY_TIM0
  24   1            /*定时器0 8位自动重装载 初始值56*/
  25   1            TIM0_Init(EIGHT_BIT_AUTO_RELOUD_COUNT,256-ONE_INTTEUPT_TIME);
  26   1            /*使能中断定时器0中断*/
  27   1            Timer_Interrupt(TIM0);
  28   1        #elif  RUN_PERIOD_BY_TIM == FIVE_MS_RUN_BY_TIM1
                    /*定时器1 8位自动重装载 初始值56*/
                    TIM1_Init(EIGHT_BIT_AUTO_RELOUD_COUNT,256-ONE_INTTEUPT_TIME);
                    /*使能中断定时器1中断*/
                    Timer_Interrupt(TIM1);
                #endif
  34   1        /*外部中断使能*/
  35   1        EXHandlerInit(EX_INTERRUPT0,EX_INTERRUPT_BY_EDGE);  
  36   1        //USART_Init(USART_MODE_1,1,9600,0);
  37   1        /*上电延时等数码管能用*/
  38   1        DelayMs(25);
  39   1        /*HD7279初始化*/
  40   1        //HD7279SendByte(CMD_RESET);
  41   1      //  MyC55_Init();
  42   1      
  43   1        My82C54Init();
  44   1      }
  45          void main(void)
  46          {
  47   1        HardWareInit();
  48   1        while(1)
  49   1        {
  50   2          #ifdef RUN_PERIOD_BY_TIM
  51   2            /*5ms运行周期*/
  52   2            if(GetRunFlag())
  53   2            {
  54   3                FinalTest();
C51 COMPILER V9.59.0.0   MAIN                                                              12/28/2018 19:13:59 PAGE 2   

  55   3      //          HD7279ShowInt(gParam.readKey);
  56   3      //          HD7279ShowInt(gParam.adcValue);
  57   3      //          AdcHD7279Show();
  58   3                //P374=0xf0;
  59   3                
  60   3            }
  61   2          #endif
  62   2        }
  63   1      }
  64          
  65          /*5ms运行周期*/
  66          static uint32_t daoJiShi = 0;
  67          void FinalTest(void)
  68          {
  69   1        static uint8_t ledShowCode = 0x01;
  70   1        static uint32_t runTime = 0;
  71   1        static uint8_t daoJiShiShow = 10;
  72   1        if(gParam.finalUpdate)
  73   1        {
  74   2          gParam.finalUpdate = 0;
  75   2          daoJiShi = 0;
  76   2          daoJiShiShow =10;
  77   2        }
  78   1        
  79   1        if(daoJiShi<=2001)
  80   1        {
  81   2          daoJiShi++;
  82   2          runTime++;
  83   2          switch(gParam.finalMode)
  84   2          {
  85   3            case LEFT_TO_RIGHT:
  86   3              if(runTime>=200)
  87   3              {
  88   4                ledShowCode = ledShowCode<<1;
  89   4                runTime=0;
  90   4                daoJiShiShow--;
  91   4              }
  92   3              if(ledShowCode>0x80||ledShowCode==0x00)
  93   3              {
  94   4                ledShowCode=0x01;
  95   4              }
  96   3            break;
  97   3            
  98   3            case RIGHT_TO_LEFT:
  99   3              if(runTime>=200)
 100   3              {
 101   4                ledShowCode = ledShowCode>>1;
 102   4                runTime=0;          
 103   4                daoJiShiShow--;
 104   4              }
 105   3              if(ledShowCode>0x80||ledShowCode==0x00)
 106   3              {
 107   4                ledShowCode=0x80;
 108   4              }
 109   3            break;
 110   3            
 111   3            default:
 112   3            break;
 113   3          }
 114   2          
 115   2        }
 116   1        HD7279ShowInt(daoJiShiShow);
C51 COMPILER V9.59.0.0   MAIN                                                              12/28/2018 19:13:59 PAGE 3   

 117   1        P374 = ~ledShowCode;
 118   1      
 119   1      
 120   1      
 121   1      }
 122          
 123          
 124          
 125          
 126          


MODULE INFORMATION:   STATIC OVERLAYABLE
   CODE SIZE        =    252    ----
   CONSTANT SIZE    =   ----    ----
   XDATA SIZE       =     13    ----
   PDATA SIZE       =   ----    ----
   DATA SIZE        =   ----    ----
   IDATA SIZE       =   ----    ----
   BIT SIZE         =   ----    ----
END OF MODULE INFORMATION.


C51 COMPILATION COMPLETE.  0 WARNING(S),  0 ERROR(S)
