C51 COMPILER V9.59.0.0   MAIN                                                              11/17/2018 23:23:35 PAGE 1   


C51 COMPILER V9.59.0.0, COMPILATION OF MODULE MAIN
OBJECT MODULE PLACED IN .\Objects\main.obj
COMPILER INVOKED BY: E:\Keil5\C51\BIN\C51.EXE USERS\main.c LARGE OPTIMIZE(8,SPEED) BROWSE INCDIR(.\USERS\HardWare;.\USER
                    -S) DEBUG OBJECTEXTEND PRINT(.\Listings\main.lst) TABS(2) OBJECT(.\Objects\main.obj)

line level    source

   1          
   2          /*******************************main.c***********************************/
   3          
   4          #include "STC15F2K60S2.h"
   5          #include "gpio.h"
   6          #include "motor.h"
   7          #include "timer.h"
   8          #include "interrupt.h"
   9          #include "usart.h"
  10          #include "delay.h"
  11          #include "main.h"
  12          #include "HD7279.h"
  13          gParam_t gParam={0};
  14          void HardWareInit(void)
  15          {
  16   1        /*定义5ms运行周期*/
  17   1        #if RUN_PERIOD_BY_TIM == FIVE_MS_RUN_BY_TIM0
  18   1            /*定时器0 8位自动重装载 初始值56*/
  19   1            TIM0_Init(EIGHT_BIT_AUTO_RELOUD_COUNT,256-ONE_INTTEUPT_TIME);
  20   1            /*使能中断定时器0中断*/
  21   1            Timer_Interrupt(TIM0);
  22   1        #elif  RUN_PERIOD_BY_TIM == FIVE_MS_RUN_BY_TIM1
                    /*定时器1 8位自动重装载 初始值56*/
                    TIM1_Init(EIGHT_BIT_AUTO_RELOUD_COUNT,256-ONE_INTTEUPT_TIME);
                    /*使能中断定时器1中断*/
                    Timer_Interrupt(TIM1);
                #endif
  28   1        /*外部中断使能*/
  29   1        EXHandlerInit(EX_INTERRUPT0,EX_INTERRUPT_BY_EDGE);
  30   1      }
  31          void main(void)
  32          {
  33   1        HardWareInit();
  34   1        while(1)
  35   1        {
  36   2          #ifdef RUN_PERIOD_BY_TIM
  37   2            /*5ms运行周期*/
  38   2            if(GetRunFlag())
  39   2            {
  40   3              /*流水灯*/
  41   3              WaterLight();
  42   3            }
  43   2          #endif
  44   2        }
  45   1      }
  46          
  47          
  48          
  49          
  50          
  51          
  52          
  53          

C51 COMPILER V9.59.0.0   MAIN                                                              11/17/2018 23:23:35 PAGE 2   


MODULE INFORMATION:   STATIC OVERLAYABLE
   CODE SIZE        =     37    ----
   CONSTANT SIZE    =   ----    ----
   XDATA SIZE       =      2    ----
   PDATA SIZE       =   ----    ----
   DATA SIZE        =   ----    ----
   IDATA SIZE       =   ----    ----
   BIT SIZE         =   ----    ----
END OF MODULE INFORMATION.


C51 COMPILATION COMPLETE.  0 WARNING(S),  0 ERROR(S)
