C51 COMPILER V9.59.0.0   USART                                                             12/19/2018 23:41:51 PAGE 1   


C51 COMPILER V9.59.0.0, COMPILATION OF MODULE USART
OBJECT MODULE PLACED IN .\Objects\usart.obj
COMPILER INVOKED BY: E:\Keil5\C51\BIN\C51.EXE USERS\HardWare\usart.c LARGE OPTIMIZE(8,SPEED) BROWSE INCDIR(.\USERS\HardW
                    -are;.\USERS) DEBUG OBJECTEXTEND PRINT(.\Listings\usart.lst) TABS(2) OBJECT(.\Objects\usart.obj)

line level    source

   1          
   2          /************************usart.c******************************/
   3          #include "usart.h"
   4          #include "main.h"
   5          #include "timer.h"
   6          #include "STC15F2K60S2.h"
   7          /**
   8            * @brief  串口中断初始化函数
   9            * @param  void  
  10            * @retval none
  11            */
  12          void USART_Interrupt_Init(void)
  13          {
  14   1        EA = 1;
  15   1        ES = 1;
  16   1      }
  17          /**
  18            * @brief  串口中断初始化函数
  19            * @param  USART_Mode 串口工作模式
  20            * @param  baudRateDouble 波特率是否加倍开关控制 输入值 1或0
  21            * @param  baudRate 波特率  
  22            * @param  nightBitEnble是否启用第九位接受  
  23            * @retval none
  24            */
  25          void USART_Init(uint8_t USART_Mode,uint8_t baudRateDouble,uint32_t baudRate,uint8_t nightBitEnble)
  26          {
  27   1          uint8_t timer1Reload=0;
  28   1          SCON|=((USART_Mode<<6)|0x10);
  29   1          switch(USART_Mode)
  30   1          {
  31   2            case USART_MODE_0:
  32   2              /*SYSCLK /12 bits/s*/
  33   2            break;
  34   2            
  35   2            case USART_MODE_1:
  36   2              timer1Reload=(uint8_t)(256 - SYSCLK*(1+baudRateDouble)/baudRate/384);
  37   2              /*定时器1初始化为八位重装载定时器 作为波特率发生器*/
  38   2              TIM1_Init(EIGHT_BIT_AUTO_RELOUD_COUNT,timer1Reload);
  39   2              PCON |= (baudRateDouble<<7);
  40   2              /*指定定时器1为波特率发生器！！！*/
  41   2              AUXR&=0xfe;
  42   2            break;
  43   2            
  44   2            case USART_MODE_2:
  45   2              /*SYSCLK/64*2*BaudRateDouble bits/s*/
  46   2              SCON|=(nightBitEnble<<5);
  47   2            break;
  48   2            
  49   2            case USART_MODE_3:
  50   2              timer1Reload=(uint8_t)(256 - SYSCLK*(1+baudRateDouble)/baudRate/384);
  51   2              /*定时器1初始化为八位重装载定时器 作为波特率发生器*/
  52   2              TIM1_Init(EIGHT_BIT_AUTO_RELOUD_COUNT,timer1Reload);
  53   2              PCON |= (baudRateDouble<<7);
  54   2              SCON|=(nightBitEnble<<5);
C51 COMPILER V9.59.0.0   USART                                                             12/19/2018 23:41:51 PAGE 2   

  55   2              /*指定定时器1为波特率发生器！！！*/
  56   2              AUXR&=0xfe;
  57   2            break;
  58   2            
  59   2            default:
  60   2            break;
  61   2          }
  62   1          USART_Interrupt_Init();
  63   1      }
  64          
  65          
  66          /**
  67            * @brief  串口发数函数
  68            * @param  sendData 串口需要发送的数据  
  69            * @retval none
  70            */
  71          void USART_SendData(uint8_t sendData)
  72          {
  73   1        TI = 0;
  74   1        SBUF = sendData;
  75   1        /*等待发数完成*/
  76   1        while(!TI){};
  77   1        /*清除标志位*/
  78   1        TI = 0;
  79   1      }
  80          
  81          
  82          
  83          


MODULE INFORMATION:   STATIC OVERLAYABLE
   CODE SIZE        =    267    ----
   CONSTANT SIZE    =   ----    ----
   XDATA SIZE       =   ----       6
   PDATA SIZE       =   ----    ----
   DATA SIZE        =   ----    ----
   IDATA SIZE       =   ----    ----
   BIT SIZE         =   ----    ----
END OF MODULE INFORMATION.


C51 COMPILATION COMPLETE.  0 WARNING(S),  0 ERROR(S)
