C51 COMPILER V9.59.0.0   USART                                                             11/19/2018 22:45:28 PAGE 1   


C51 COMPILER V9.59.0.0, COMPILATION OF MODULE USART
OBJECT MODULE PLACED IN .\Objects\usart.obj
COMPILER INVOKED BY: E:\Keil5\C51\BIN\C51.EXE USERS\HardWare\usart.c LARGE OPTIMIZE(8,SPEED) BROWSE INCDIR(.\USERS\HardW
                    -are;.\USERS) DEBUG OBJECTEXTEND PRINT(.\Listings\usart.lst) TABS(2) OBJECT(.\Objects\usart.obj)

line level    source

   1          
   2          /************************usart.c******************************/
   3          #include "usart.h"
   4          #include "main.h"
   5          #include "timer.h"
   6          #include "STC15F2K60S2.h"
   7          void USART_Interrupt_Init(void)
   8          {
   9   1        EA = 1;
  10   1        ES = 1;
  11   1      }
  12          void USART_Init(uint8_t USART_Mode,uint8_t baudRateDouble,uint32_t baudRate,uint8_t nightBitEnble)
  13          {
  14   1          uint8_t timer1Reload=0;
  15   1          SCON|=((USART_Mode<<6)|0x10);
  16   1          switch(USART_Mode)
  17   1          {
  18   2            case USART_MODE_0:
  19   2              /*SYSCLK /12 bits/s*/
  20   2            break;
  21   2            
  22   2            case USART_MODE_1:
  23   2              timer1Reload=(uint8_t)(256 - SYSCLK*(1+baudRateDouble)/baudRate/384);
  24   2              TIM1_Init(EIGHT_BIT_AUTO_RELOUD_COUNT,timer1Reload);
  25   2              PCON |= (baudRateDouble<<7);
  26   2              /*指定定时器1为波特率发生器！！！*/
  27   2              AUXR&=0xfe;
  28   2            break;
  29   2            
  30   2            case USART_MODE_2:
  31   2              /*SYSCLK/64*2*BaudRateDouble bits/s*/
  32   2              SCON|=(nightBitEnble<<5);
  33   2            break;
  34   2            
  35   2            case USART_MODE_3:
  36   2              timer1Reload=(uint8_t)(256 - SYSCLK*(1+baudRateDouble)/baudRate/384);
  37   2              TIM1_Init(EIGHT_BIT_AUTO_RELOUD_COUNT,timer1Reload);
  38   2              PCON |= (baudRateDouble<<7);
  39   2              SCON|=(nightBitEnble<<5);
  40   2              /*指定定时器1为波特率发生器！！！*/
  41   2              AUXR&=0xfe;
  42   2            break;
  43   2            
  44   2            default:
  45   2              
  46   2            break;
  47   2          }
  48   1          USART_Interrupt_Init();
  49   1      }
  50          
  51          
  52          
  53          void USART_SendData(uint8_t sendData)
  54          {
C51 COMPILER V9.59.0.0   USART                                                             11/19/2018 22:45:28 PAGE 2   

  55   1        TI = 0;
  56   1        SBUF = sendData;
  57   1        while(!TI){};/*等待发数完成*/
  58   1        /*清除标志位*/
  59   1        TI = 0;
  60   1      }
  61          
  62          
  63          
  64          


MODULE INFORMATION:   STATIC OVERLAYABLE
   CODE SIZE        =    267    ----
   CONSTANT SIZE    =   ----    ----
   XDATA SIZE       =   ----       6
   PDATA SIZE       =   ----    ----
   DATA SIZE        =   ----    ----
   IDATA SIZE       =   ----    ----
   BIT SIZE         =   ----    ----
END OF MODULE INFORMATION.


C51 COMPILATION COMPLETE.  0 WARNING(S),  0 ERROR(S)
